// Jest Snapshot v1, https://goo.gl/fbAQLP

exports[`Input tests basic tests matches the snapshot 1`] = `
.c0 {
  min-height: auto;
  box-sizing: border-box;
  width: 100%;
  max-width: 100%;
  font-size: 14px;
  font-family: "Poppins",sans-serif;
  border: 1px solid #DFDFE8;
  border-radius: 3px;
  padding: 12px 10px;
  color: #686978;
  outline: unset;
}

.c0:focus {
  border-color: #A1A8F2;
}

.c0::-webkit-input-placeholder {
  color: #B8B9C4;
  font-weight: normal;
  text-align: left;
  -webkit-letter-spacing: 0;
  -moz-letter-spacing: 0;
  -ms-letter-spacing: 0;
  letter-spacing: 0;
}

.c0::-moz-placeholder {
  color: #B8B9C4;
  font-weight: normal;
  text-align: left;
  -webkit-letter-spacing: 0;
  -moz-letter-spacing: 0;
  -ms-letter-spacing: 0;
  letter-spacing: 0;
}

.c0:-ms-input-placeholder {
  color: #B8B9C4;
  font-weight: normal;
  text-align: left;
  -webkit-letter-spacing: 0;
  -moz-letter-spacing: 0;
  -ms-letter-spacing: 0;
  letter-spacing: 0;
}

.c0::placeholder {
  color: #B8B9C4;
  font-weight: normal;
  text-align: left;
  -webkit-letter-spacing: 0;
  -moz-letter-spacing: 0;
  -ms-letter-spacing: 0;
  letter-spacing: 0;
}

.c0:disabled {
  opacity: 0.3;
}

<input
  className="c0"
  defaultValue={undefined}
  disabled={undefined}
  id="area"
  onChange={undefined}
  placeholder={undefined}
/>
`;
